C:\Users\ZhuanZ\OneDrive\Desktop\Duty-Agent\Services\DutyStateManager.cs(19,64): error CS0246: 鏈兘鎵惧埌绫诲瀷鎴栧懡鍚嶇┖闂村悕鈥淒utyScheduleEntry鈥?鏄惁缂哄皯 using 鎸囦护鎴栫▼搴忛泦寮曠敤?) [C:\Users\ZhuanZ\OneDrive\Desktop\Duty-Agent\Duty-Agent.csproj]
C:\Users\ZhuanZ\OneDrive\Desktop\Duty-Agent\Services\DutyStateManager.cs(19,5): error CS0246: 鏈兘鎵惧埌绫诲瀷鎴栧懡鍚嶇┖闂村悕鈥淒utyScheduleEntry鈥?鏄惁缂哄皯 using 鎸囦护鎴栫▼搴忛泦寮曠敤?) [C:\Users\ZhuanZ\OneDrive\Desktop\Duty-Agent\Duty-Agent.csproj]
C:\Users\ZhuanZ\OneDrive\Desktop\Duty-Agent\Services\DutyStateManager.cs(90,71): error CS0246: 鏈兘鎵惧埌绫诲瀷鎴栧懡鍚嶇┖闂村悕鈥淒utyScheduleEntry鈥?鏄惁缂哄皯 using 鎸囦护鎴栫▼搴忛泦寮曠敤?) [C:\Users\ZhuanZ\OneDrive\Desktop\Duty-Agent\Duty-Agent.csproj]
C:\Users\ZhuanZ\OneDrive\Desktop\Duty-Agent\Services\DutyStateManager.cs(90,12): error CS0246: 鏈兘鎵惧埌绫诲瀷鎴栧懡鍚嶇┖闂村悕鈥淒utyScheduleEntry鈥?鏄惁缂哄皯 using 鎸囦护鎴栫▼搴忛泦寮曠敤?) [C:\Users\ZhuanZ\OneDrive\Desktop\Duty-Agent\Duty-Agent.csproj]
C:\Users\ZhuanZ\OneDrive\Desktop\Duty-Agent\Services\DutyStateManager.cs(103,51): error CS0246: 鏈兘鎵惧埌绫诲瀷鎴栧懡鍚嶇┖闂村悕鈥淒utyScheduleEntry鈥?鏄惁缂哄皯 using 鎸囦护鎴栫▼搴忛泦寮曠敤?) [C:\Users\ZhuanZ\OneDrive\Desktop\Duty-Agent\Duty-Agent.csproj]
C:\Users\ZhuanZ\OneDrive\Desktop\Duty-Agent\Services\DutyStateManager.cs(20,44): error CS0246: 鏈兘鎵惧埌绫诲瀷鎴栧懡鍚嶇┖闂村悕鈥淒utyScheduleEntry鈥?鏄惁缂哄皯 using 鎸囦护鎴栫▼搴忛泦寮曠敤?) [C:\Users\ZhuanZ\OneDrive\Desktop\Duty-Agent\Duty-Agent.csproj]

鐢熸垚澶辫触銆?
    1 涓鍛?
    6 涓敊璇?

宸茬敤鏃堕棿 00:00:01.19
