  Determining projects to restore...
  All projects are up-to-date for restore.
C:\Program Files\dotnet\sdk\10.0.101\Microsoft.Common.CurrentVersion.targets(2437,5): warning MSB3277: Found conflicts between different versions of "WindowsBase" that could not be resolved. [C:\Users\ZhuanZ\OneDrive\Desktop\Duty-Agent\Duty-Agent.csproj]
C:\Program Files\dotnet\sdk\10.0.101\Microsoft.Common.CurrentVersion.targets(2437,5): warning MSB3277: There was a conflict between "WindowsBase, Version=4.0.0.0, Culture=neutral, PublicKeyToken=31bf3856ad364e35" and "WindowsBase, Version=5.0.0.0, Culture=neutral, PublicKeyToken=31bf3856ad364e35". [C:\Users\ZhuanZ\OneDrive\Desktop\Duty-Agent\Duty-Agent.csproj]
C:\Program Files\dotnet\sdk\10.0.101\Microsoft.Common.CurrentVersion.targets(2437,5): warning MSB3277:     "WindowsBase, Version=4.0.0.0, Culture=neutral, PublicKeyToken=31bf3856ad364e35" was chosen because it was primary and "WindowsBase, Version=5.0.0.0, Culture=neutral, PublicKeyToken=31bf3856ad364e35" was not. [C:\Users\ZhuanZ\OneDrive\Desktop\Duty-Agent\Duty-Agent.csproj]
C:\Program Files\dotnet\sdk\10.0.101\Microsoft.Common.CurrentVersion.targets(2437,5): warning MSB3277:     References which depend on "WindowsBase, Version=4.0.0.0, Culture=neutral, PublicKeyToken=31bf3856ad364e35" [C:\Program Files\dotnet\packs\Microsoft.NETCore.App.Ref\8.0.22\ref\net8.0\WindowsBase.dll]. [C:\Users\ZhuanZ\OneDrive\Desktop\Duty-Agent\Duty-Agent.csproj]
C:\Program Files\dotnet\sdk\10.0.101\Microsoft.Common.CurrentVersion.targets(2437,5): warning MSB3277:         C:\Program Files\dotnet\packs\Microsoft.NETCore.App.Ref\8.0.22\ref\net8.0\WindowsBase.dll [C:\Users\ZhuanZ\OneDrive\Desktop\Duty-Agent\Duty-Agent.csproj]
C:\Program Files\dotnet\sdk\10.0.101\Microsoft.Common.CurrentVersion.targets(2437,5): warning MSB3277:           Project file item includes which caused reference "C:\Program Files\dotnet\packs\Microsoft.NETCore.App.Ref\8.0.22\ref\net8.0\WindowsBase.dll". [C:\Users\ZhuanZ\OneDrive\Desktop\Duty-Agent\Duty-Agent.csproj]
C:\Program Files\dotnet\sdk\10.0.101\Microsoft.Common.CurrentVersion.targets(2437,5): warning MSB3277:             C:\Program Files\dotnet\packs\Microsoft.NETCore.App.Ref\8.0.22\ref/net8.0/WindowsBase.dll [C:\Users\ZhuanZ\OneDrive\Desktop\Duty-Agent\Duty-Agent.csproj]
C:\Program Files\dotnet\sdk\10.0.101\Microsoft.Common.CurrentVersion.targets(2437,5): warning MSB3277:     References which depend on or have been unified to "WindowsBase, Version=5.0.0.0, Culture=neutral, PublicKeyToken=31bf3856ad364e35" []. [C:\Users\ZhuanZ\OneDrive\Desktop\Duty-Agent\Duty-Agent.csproj]
C:\Program Files\dotnet\sdk\10.0.101\Microsoft.Common.CurrentVersion.targets(2437,5): warning MSB3277:         C:\Users\ZhuanZ\.nuget\packages\microsoft.web.webview2\1.0.2903.40\lib_manual\net5.0-windows10.0.17763.0\Microsoft.Web.WebView2.Wpf.dll [C:\Users\ZhuanZ\OneDrive\Desktop\Duty-Agent\Duty-Agent.csproj]
C:\Program Files\dotnet\sdk\10.0.101\Microsoft.Common.CurrentVersion.targets(2437,5): warning MSB3277:           Project file item includes which caused reference "C:\Users\ZhuanZ\.nuget\packages\microsoft.web.webview2\1.0.2903.40\lib_manual\net5.0-windows10.0.17763.0\Microsoft.Web.WebView2.Wpf.dll". [C:\Users\ZhuanZ\OneDrive\Desktop\Duty-Agent\Duty-Agent.csproj]
C:\Program Files\dotnet\sdk\10.0.101\Microsoft.Common.CurrentVersion.targets(2437,5): warning MSB3277:             C:\Users\ZhuanZ\.nuget\packages\microsoft.web.webview2\1.0.2903.40\buildTransitive\..\\lib_manual\net5.0-windows10.0.17763.0\Microsoft.Web.WebView2.Wpf.dll [C:\Users\ZhuanZ\OneDrive\Desktop\Duty-Agent\Duty-Agent.csproj]
C:\Users\ZhuanZ\OneDrive\Desktop\Duty-Agent\Services\DutyScheduleOrchestrator.cs(184,32): error CS1061: 'IConfigManager' does not contain a definition for 'LoadConfig' and no accessible extension method 'LoadConfig' accepting a first argument of type 'IConfigManager' could be found (are you missing a using directive or an assembly reference?) [C:\Users\ZhuanZ\OneDrive\Desktop\Duty-Agent\Duty-Agent.csproj]
C:\Users\ZhuanZ\OneDrive\Desktop\Duty-Agent\Views\SettingPages\Modules\DutyMainSettingsBackendModule.cs(27,25): error CS1061: 'DutyScheduleOrchestrator' does not contain a definition for 'LoadBackendConfigAsync' and no accessible extension method 'LoadBackendConfigAsync' accepting a first argument of type 'DutyScheduleOrchestrator' could be found (are you missing a using directive or an assembly reference?) [C:\Users\ZhuanZ\OneDrive\Desktop\Duty-Agent\Duty-Agent.csproj]
C:\Users\ZhuanZ\OneDrive\Desktop\Duty-Agent\Views\SettingPages\Modules\DutyMainSettingsBackendModule.cs(36,25): error CS1061: 'DutyScheduleOrchestrator' does not contain a definition for 'SaveBackendConfigAsync' and no accessible extension method 'SaveBackendConfigAsync' accepting a first argument of type 'DutyScheduleOrchestrator' could be found (are you missing a using directive or an assembly reference?) [C:\Users\ZhuanZ\OneDrive\Desktop\Duty-Agent\Duty-Agent.csproj]

Build FAILED.

C:\Program Files\dotnet\sdk\10.0.101\Microsoft.Common.CurrentVersion.targets(2437,5): warning MSB3277: Found conflicts between different versions of "WindowsBase" that could not be resolved. [C:\Users\ZhuanZ\OneDrive\Desktop\Duty-Agent\Duty-Agent.csproj]
C:\Program Files\dotnet\sdk\10.0.101\Microsoft.Common.CurrentVersion.targets(2437,5): warning MSB3277: There was a conflict between "WindowsBase, Version=4.0.0.0, Culture=neutral, PublicKeyToken=31bf3856ad364e35" and "WindowsBase, Version=5.0.0.0, Culture=neutral, PublicKeyToken=31bf3856ad364e35". [C:\Users\ZhuanZ\OneDrive\Desktop\Duty-Agent\Duty-Agent.csproj]
C:\Program Files\dotnet\sdk\10.0.101\Microsoft.Common.CurrentVersion.targets(2437,5): warning MSB3277:     "WindowsBase, Version=4.0.0.0, Culture=neutral, PublicKeyToken=31bf3856ad364e35" was chosen because it was primary and "WindowsBase, Version=5.0.0.0, Culture=neutral, PublicKeyToken=31bf3856ad364e35" was not. [C:\Users\ZhuanZ\OneDrive\Desktop\Duty-Agent\Duty-Agent.csproj]
C:\Program Files\dotnet\sdk\10.0.101\Microsoft.Common.CurrentVersion.targets(2437,5): warning MSB3277:     References which depend on "WindowsBase, Version=4.0.0.0, Culture=neutral, PublicKeyToken=31bf3856ad364e35" [C:\Program Files\dotnet\packs\Microsoft.NETCore.App.Ref\8.0.22\ref\net8.0\WindowsBase.dll]. [C:\Users\ZhuanZ\OneDrive\Desktop\Duty-Agent\Duty-Agent.csproj]
C:\Program Files\dotnet\sdk\10.0.101\Microsoft.Common.CurrentVersion.targets(2437,5): warning MSB3277:         C:\Program Files\dotnet\packs\Microsoft.NETCore.App.Ref\8.0.22\ref\net8.0\WindowsBase.dll [C:\Users\ZhuanZ\OneDrive\Desktop\Duty-Agent\Duty-Agent.csproj]
C:\Program Files\dotnet\sdk\10.0.101\Microsoft.Common.CurrentVersion.targets(2437,5): warning MSB3277:           Project file item includes which caused reference "C:\Program Files\dotnet\packs\Microsoft.NETCore.App.Ref\8.0.22\ref\net8.0\WindowsBase.dll". [C:\Users\ZhuanZ\OneDrive\Desktop\Duty-Agent\Duty-Agent.csproj]
C:\Program Files\dotnet\sdk\10.0.101\Microsoft.Common.CurrentVersion.targets(2437,5): warning MSB3277:             C:\Program Files\dotnet\packs\Microsoft.NETCore.App.Ref\8.0.22\ref/net8.0/WindowsBase.dll [C:\Users\ZhuanZ\OneDrive\Desktop\Duty-Agent\Duty-Agent.csproj]
C:\Program Files\dotnet\sdk\10.0.101\Microsoft.Common.CurrentVersion.targets(2437,5): warning MSB3277:     References which depend on or have been unified to "WindowsBase, Version=5.0.0.0, Culture=neutral, PublicKeyToken=31bf3856ad364e35" []. [C:\Users\ZhuanZ\OneDrive\Desktop\Duty-Agent\Duty-Agent.csproj]
C:\Program Files\dotnet\sdk\10.0.101\Microsoft.Common.CurrentVersion.targets(2437,5): warning MSB3277:         C:\Users\ZhuanZ\.nuget\packages\microsoft.web.webview2\1.0.2903.40\lib_manual\net5.0-windows10.0.17763.0\Microsoft.Web.WebView2.Wpf.dll [C:\Users\ZhuanZ\OneDrive\Desktop\Duty-Agent\Duty-Agent.csproj]
C:\Program Files\dotnet\sdk\10.0.101\Microsoft.Common.CurrentVersion.targets(2437,5): warning MSB3277:           Project file item includes which caused reference "C:\Users\ZhuanZ\.nuget\packages\microsoft.web.webview2\1.0.2903.40\lib_manual\net5.0-windows10.0.17763.0\Microsoft.Web.WebView2.Wpf.dll". [C:\Users\ZhuanZ\OneDrive\Desktop\Duty-Agent\Duty-Agent.csproj]
C:\Program Files\dotnet\sdk\10.0.101\Microsoft.Common.CurrentVersion.targets(2437,5): warning MSB3277:             C:\Users\ZhuanZ\.nuget\packages\microsoft.web.webview2\1.0.2903.40\buildTransitive\..\\lib_manual\net5.0-windows10.0.17763.0\Microsoft.Web.WebView2.Wpf.dll [C:\Users\ZhuanZ\OneDrive\Desktop\Duty-Agent\Duty-Agent.csproj]
C:\Users\ZhuanZ\OneDrive\Desktop\Duty-Agent\Services\DutyScheduleOrchestrator.cs(184,32): error CS1061: 'IConfigManager' does not contain a definition for 'LoadConfig' and no accessible extension method 'LoadConfig' accepting a first argument of type 'IConfigManager' could be found (are you missing a using directive or an assembly reference?) [C:\Users\ZhuanZ\OneDrive\Desktop\Duty-Agent\Duty-Agent.csproj]
C:\Users\ZhuanZ\OneDrive\Desktop\Duty-Agent\Views\SettingPages\Modules\DutyMainSettingsBackendModule.cs(27,25): error CS1061: 'DutyScheduleOrchestrator' does not contain a definition for 'LoadBackendConfigAsync' and no accessible extension method 'LoadBackendConfigAsync' accepting a first argument of type 'DutyScheduleOrchestrator' could be found (are you missing a using directive or an assembly reference?) [C:\Users\ZhuanZ\OneDrive\Desktop\Duty-Agent\Duty-Agent.csproj]
C:\Users\ZhuanZ\OneDrive\Desktop\Duty-Agent\Views\SettingPages\Modules\DutyMainSettingsBackendModule.cs(36,25): error CS1061: 'DutyScheduleOrchestrator' does not contain a definition for 'SaveBackendConfigAsync' and no accessible extension method 'SaveBackendConfigAsync' accepting a first argument of type 'DutyScheduleOrchestrator' could be found (are you missing a using directive or an assembly reference?) [C:\Users\ZhuanZ\OneDrive\Desktop\Duty-Agent\Duty-Agent.csproj]
    1 Warning(s)
    3 Error(s)

Time Elapsed 00:00:01.86
