C:\Users\ZhuanZ\OneDrive\Desktop\Duty-Agent\Services\DutyConfigManager.cs(62,72): error CS1503: 鍙傛暟 1: 鏃犳硶浠庘€淪ystem.Collections.Generic.List<string>鈥濊浆鎹负鈥淪ystem.Collections.ObjectModel.ObservableCollection<string>?鈥?[C:\Users\ZhuanZ\OneDrive\Desktop\Duty-Agent\Duty-Agent.csproj]
C:\Users\ZhuanZ\OneDrive\Desktop\Duty-Agent\Services\DutyConfigManager.cs(70,75): error CS1503: 鍙傛暟 1: 鏃犳硶浠庘€淪ystem.Collections.Generic.List<string>鈥濊浆鎹负鈥淪ystem.Collections.ObjectModel.ObservableCollection<string>?鈥?[C:\Users\ZhuanZ\OneDrive\Desktop\Duty-Agent\Duty-Agent.csproj]
C:\Users\ZhuanZ\OneDrive\Desktop\Duty-Agent\Services\DutyConfigManager.cs(88,76): error CS1503: 鍙傛暟 1: 鏃犳硶浠庘€淪ystem.Collections.Generic.List<string>鈥濊浆鎹负鈥淪ystem.Collections.ObjectModel.ObservableCollection<string>?鈥?[C:\Users\ZhuanZ\OneDrive\Desktop\Duty-Agent\Duty-Agent.csproj]
C:\Users\ZhuanZ\OneDrive\Desktop\Duty-Agent\Views\SettingPages\Modules\DutyMainSettingsConfigModule.cs(54,77): error CS1503: 鍙傛暟 1: 鏃犳硶浠庘€渟tring鈥濊浆鎹负鈥渋nt鈥?[C:\Users\ZhuanZ\OneDrive\Desktop\Duty-Agent\Duty-Agent.csproj]
C:\Users\ZhuanZ\OneDrive\Desktop\Duty-Agent\Views\SettingPages\Modules\DutyMainSettingsConfigModule.cs(56,77): error CS1503: 鍙傛暟 1: 鏃犳硶浠庘€渟tring鈥濊浆鎹负鈥淪ystem.TimeSpan鈥?[C:\Users\ZhuanZ\OneDrive\Desktop\Duty-Agent\Duty-Agent.csproj]
C:\Users\ZhuanZ\OneDrive\Desktop\Duty-Agent\Views\SettingPages\Modules\DutyMainSettingsConfigModule.cs(59,86): error CS1503: 鍙傛暟 1: 鏃犳硶浠庘€渟tring鈥濊浆鎹负鈥淪ystem.TimeSpan鈥?[C:\Users\ZhuanZ\OneDrive\Desktop\Duty-Agent\Duty-Agent.csproj]
C:\Users\ZhuanZ\OneDrive\Desktop\Duty-Agent\Views\SettingPages\DutyMainSettingsPage.axaml.cs(153,55): error CS1061: 鈥淒utyScheduleOrchestrator鈥濇湭鍖呭惈鈥淩unCoreAgentWithMessage鈥濈殑瀹氫箟锛屽苟涓旀壘涓嶅埌鍙帴鍙楃涓€涓€淒utyScheduleOrchestrator鈥濈被鍨嬪弬鏁扮殑鍙闂墿灞曟柟娉曗€淩unCoreAgentWithMessage鈥?鏄惁缂哄皯 using 鎸囦护鎴栫▼搴忛泦寮曠敤?) [C:\Users\ZhuanZ\OneDrive\Desktop\Duty-Agent\Duty-Agent.csproj]
C:\Users\ZhuanZ\OneDrive\Desktop\Duty-Agent\Services\DutyScheduleOrchestrator.cs(192,51): error CS0103: 褰撳墠涓婁笅鏂囦腑涓嶅瓨鍦ㄥ悕绉扳€淿dataDir鈥?[C:\Users\ZhuanZ\OneDrive\Desktop\Duty-Agent\Duty-Agent.csproj]
C:\Users\ZhuanZ\OneDrive\Desktop\Duty-Agent\Views\SettingPages\DutyWebSettingsPage.axaml.cs(262,63): error CS1061: 鈥淒utyScheduleOrchestrator鈥濇湭鍖呭惈鈥淩unCoreAgentWithMessage鈥濈殑瀹氫箟锛屽苟涓旀壘涓嶅埌鍙帴鍙楃涓€涓€淒utyScheduleOrchestrator鈥濈被鍨嬪弬鏁扮殑鍙闂墿灞曟柟娉曗€淩unCoreAgentWithMessage鈥?鏄惁缂哄皯 using 鎸囦护鎴栫▼搴忛泦寮曠敤?) [C:\Users\ZhuanZ\OneDrive\Desktop\Duty-Agent\Duty-Agent.csproj]
C:\Users\ZhuanZ\OneDrive\Desktop\Duty-Agent\Services\DutyLocalPreviewHostedService.cs(343,38): error CS1061: 鈥淒utyScheduleOrchestrator鈥濇湭鍖呭惈鈥淩unCoreAgentWithMessage鈥濈殑瀹氫箟锛屽苟涓旀壘涓嶅埌鍙帴鍙楃涓€涓€淒utyScheduleOrchestrator鈥濈被鍨嬪弬鏁扮殑鍙闂墿灞曟柟娉曗€淩unCoreAgentWithMessage鈥?鏄惁缂哄皯 using 鎸囦护鎴栫▼搴忛泦寮曠敤?) [C:\Users\ZhuanZ\OneDrive\Desktop\Duty-Agent\Duty-Agent.csproj]
C:\Users\ZhuanZ\OneDrive\Desktop\Duty-Agent\Services\DutyScheduleOrchestrator.cs(294,27): error CS0246: 鏈兘鎵惧埌绫诲瀷鎴栧懡鍚嶇┖闂村悕鈥淪tringBuilder鈥?鏄惁缂哄皯 using 鎸囦护鎴栫▼搴忛泦寮曠敤?) [C:\Users\ZhuanZ\OneDrive\Desktop\Duty-Agent\Duty-Agent.csproj]
C:\Users\ZhuanZ\OneDrive\Desktop\Duty-Agent\Services\DutyScheduleOrchestrator.cs(305,57): error CS0246: 鏈兘鎵惧埌绫诲瀷鎴栧懡鍚嶇┖闂村悕鈥淯TF8Encoding鈥?鏄惁缂哄皯 using 鎸囦护鎴栫▼搴忛泦寮曠敤?) [C:\Users\ZhuanZ\OneDrive\Desktop\Duty-Agent\Duty-Agent.csproj]
C:\Users\ZhuanZ\OneDrive\Desktop\Duty-Agent\Views\SettingPages\DutyWebSettingsPage.axaml.cs(476,77): error CS1503: 鍙傛暟 1: 鏃犳硶浠庘€渟tring鈥濊浆鎹负鈥渋nt鈥?[C:\Users\ZhuanZ\OneDrive\Desktop\Duty-Agent\Duty-Agent.csproj]
C:\Users\ZhuanZ\OneDrive\Desktop\Duty-Agent\Views\SettingPages\DutyWebSettingsPage.axaml.cs(478,77): error CS1503: 鍙傛暟 1: 鏃犳硶浠庘€渟tring鈥濊浆鎹负鈥淪ystem.TimeSpan鈥?[C:\Users\ZhuanZ\OneDrive\Desktop\Duty-Agent\Duty-Agent.csproj]
C:\Users\ZhuanZ\OneDrive\Desktop\Duty-Agent\Views\SettingPages\DutyWebSettingsPage.axaml.cs(481,86): error CS1503: 鍙傛暟 1: 鏃犳硶浠庘€渟tring鈥濊浆鎹负鈥淪ystem.TimeSpan鈥?[C:\Users\ZhuanZ\OneDrive\Desktop\Duty-Agent\Duty-Agent.csproj]

鐢熸垚澶辫触銆?
    1 涓鍛?
    15 涓敊璇?

宸茬敤鏃堕棿 00:00:01.54
